// Jest Snapshot v1, https://goo.gl/fbAQLP

exports[`Home renders Home component correctly 1`] = `
<main>
  <h1>
    HOME
  </h1>
  <div>
    <label
      htmlFor="search"
    >
      Search product:
    </label>
    <input
      id="search"
      onChange={[Function]}
      type="search"
      value=""
    />
  </div>
  <h3>
    No matching products found
  </h3>
</main>
`;
