// Jest Snapshot v1, https://goo.gl/fbAQLP

exports[`Home renders Home component correctly 1`] = `
<h2>
  Home
</h2>
`;
