// Jest Snapshot v1, https://goo.gl/fbAQLP

exports[`Cart shallow renders Cart component correctly 1`] = `
<h1>
  Cart
</h1>
`;
