// Jest Snapshot v1, https://goo.gl/fbAQLP

exports[`Cart unit tests shallow renders Cart component correctly 1`] = `
<Fragment>
  <h1>
    Cart
  </h1>
  <h2>
    Cart is empty. Buy something!
  </h2>
  <h2>
    Grand total: SEK 
    0
  </h2>
</Fragment>
`;
